Location  Token name       Value
-------------------------------------
 5   16   Keyword_print
 5   40   Op_subtract
 6   16   Keyword_putc
 6   40   Op_less
 7   16   Keyword_if
 7   40   Op_greater
 8   16   Keyword_else
 8   40   Op_lessequal
 9   16   Keyword_while
 9   40   Op_greaterequal
 0   16   LeftBrace
 0   40   Op_equal
 1   16   RightBrace
 1   40   Op_notequal
 2   16   LeftParen
 2   40   Op_and
 3   16   RightParen
 3   40   Op_or
 4   16   Op_subtract
 4   40   Semicolon
 5   16   Op_not
 5   40   Comma
 6   16   Op_multiply
 6   40   Op_assign
 7   16   Op_divide
 7   40   Integer          42
 8   16   Op_mod
 8   40   String           "String literal"
 9   16   Op_add
 9   40   Identifier       variable_name
 0   26   Integer          10
 1   26   Integer          92
 2   26   Integer          32
 3    1   End_of_input